// Jest Snapshot v1, https://goo.gl/fbAQLP

exports[`<Wrapper /> should render the children component 1`] = `
.emotion-0 {
  display: -webkit-box;
  display: -webkit-flex;
  display: -ms-flexbox;
  display: flex;
  -webkit-flex-direction: column;
  -ms-flex-direction: column;
  flex-direction: column;
  width: 90%;
  max-width: var(--chakra-sizes-container-xl);
  -webkit-margin-start: auto;
  margin-inline-start: auto;
  -webkit-margin-end: auto;
  margin-inline-end: auto;
}

<div
  class="emotion-0"
>
  <div
    data-testid="children-component"
  />
</div>
`;
