// Jest Snapshot v1, https://goo.gl/fbAQLP

exports[`<InfoCard /> should render correctly 1`] = `
.emotion-0 {
  display: -webkit-box;
  display: -webkit-flex;
  display: -ms-flexbox;
  display: flex;
  -webkit-appearance: none;
  -moz-appearance: none;
  -ms-appearance: none;
  appearance: none;
  -webkit-align-items: center;
  -webkit-box-align: center;
  -ms-flex-align: center;
  align-items: center;
  -webkit-box-pack: center;
  -ms-flex-pack: center;
  -webkit-justify-content: center;
  justify-content: center;
  -webkit-transition: all 250ms;
  transition: all 250ms;
  -webkit-user-select: none;
  -moz-user-select: none;
  -ms-user-select: none;
  user-select: none;
  position: relative;
  white-space: nowrap;
  vertical-align: middle;
  outline: 2px solid transparent;
  outline-offset: 2px;
  width: var(--chakra-sizes-72);
  line-height: 1.2;
  border-radius: var(--chakra-radii-md);
  font-weight: var(--chakra-fontWeights-bold);
  height: var(--chakra-sizes-72);
  min-width: var(--chakra-sizes-10);
  font-size: var(--chakra-fontSizes-md);
  -webkit-padding-start: var(--chakra-space-4);
  padding-inline-start: var(--chakra-space-4);
  -webkit-padding-end: var(--chakra-space-4);
  padding-inline-end: var(--chakra-space-4);
  color: var(--chakra-colors-primary-500);
  cursor: pointer;
  -webkit-flex-direction: column;
  -ms-flex-direction: column;
  flex-direction: column;
  background: var(--chakra-colors-gray-800);
}

.emotion-0:focus,
.emotion-0[data-focus] {
  box-shadow: var(--chakra-shadows-outline);
}

.emotion-0[disabled],
.emotion-0[aria-disabled=true],
.emotion-0[data-disabled] {
  opacity: 0.4;
  cursor: not-allowed;
  box-shadow: var(--chakra-shadows-none);
}

.emotion-0:hover,
.emotion-0[data-hover] {
  background: var(--chakra-colors-gray-700);
  -webkit-transform: scale(1.05);
  -moz-transform: scale(1.05);
  -ms-transform: scale(1.05);
  transform: scale(1.05);
}

.emotion-0:active,
.emotion-0[data-active] {
  background: var(--chakra-colors-gray-900);
}

.emotion-1 {
  font-family: var(--chakra-fonts-heading);
  font-weight: var(--chakra-fontWeights-bold);
  font-size: var(--chakra-fontSizes-2xl);
  line-height: 1.33;
  color: var(--chakra-colors-white);
  margin-top: var(--chakra-space-5);
  text-align: center;
}

@media screen and (min-width: 48em) {
  .emotion-1 {
    line-height: 1.2;
  }
}

<a
  class="chakra-button emotion-0"
  href="/mock-href"
>
  <div
    data-testid="mock icon"
  />
  <h2
    class="chakra-heading emotion-1"
  >
    mock text
  </h2>
</a>
`;
